// Jest Snapshot v1, https://goo.gl/fbAQLP

exports[`pruebas en el entry list debe de llamar el getEntriesByTer sin termino y mostrar dos entrads 1`] = `
<div class="entry-list-container">
  <div class="px-2 pt-2"><input type="
        text" class="form-control" placeholder="Buscar Entrada"></div>
  <div class="mt-2 d-flex flex-column"><button class="btn btn-primary mx-3"><i class="fa fa-plus-circle"></i> Nueva Entrada </button></div>
  <div class="entry-scrollarea">
    <entry-mi-stub entry="[object Object]"></entry-mi-stub>
  </div>
</div>
`;
