// Jest Snapshot v1, https://goo.gl/fbAQLP

exports[`pruebas en el entry componet debe hacer match con el snapshot 1`] = `
<div class="entry-container mb-3 pointer p-2">
  <div class="entry-title d-flex"><span class="text-success fs-5 fw-bold">26</span><span class="mx-1 fs-5">Noviembre</span><span class="mx-2 fw-ligth">2023, Domingo</span></div>
  <div class="entry-description">hola esta es la prueba</div>
</div>
`;
